// Jest Snapshot v1, https://goo.gl/fbAQLP

exports[`Rating Component should match snapshot 1`] = `
<RatingWrapper
  className=""
>
  <RatingInput
    id="1"
    type="radio"
    value="1"
  />
  <RatingLabel
    className=""
    htmlFor="1"
  >
    Abysmal
  </RatingLabel>
  <RatingInput
    id="2"
    type="radio"
    value="2"
  />
  <RatingLabel
    className=""
    htmlFor="2"
  >
    Poor
  </RatingLabel>
  <RatingInput
    id="3"
    type="radio"
    value="3"
  />
  <RatingLabel
    className=""
    htmlFor="3"
  >
    Alright
  </RatingLabel>
  <RatingInput
    id="4"
    type="radio"
    value="4"
  />
  <RatingLabel
    className=""
    htmlFor="4"
  >
    Good
  </RatingLabel>
  <RatingInput
    id="5"
    type="radio"
    value="5"
  />
  <RatingLabel
    className=""
    htmlFor="5"
  >
    Great
  </RatingLabel>
  <SubmitRating
    className=""
  >
    Submit Rating
  </SubmitRating>
</RatingWrapper>
`;
