// Jest Snapshot v1, https://goo.gl/fbAQLP

exports[`Rating Component should match snapshot 1`] = `
<styled.form
  className=""
>
  <styled.input
    id="1"
    type="radio"
    value="1"
  />
  <styled.label
    className=""
    htmlFor="1"
  >
    Abysmal
  </styled.label>
  <styled.input
    id="2"
    type="radio"
    value="2"
  />
  <styled.label
    className=""
    htmlFor="2"
  >
    Poor
  </styled.label>
  <styled.input
    id="3"
    type="radio"
    value="3"
  />
  <styled.label
    className=""
    htmlFor="3"
  >
    Alright
  </styled.label>
  <styled.input
    id="4"
    type="radio"
    value="4"
  />
  <styled.label
    className=""
    htmlFor="4"
  >
    Good
  </styled.label>
  <styled.input
    id="5"
    type="radio"
    value="5"
  />
  <styled.label
    className=""
    htmlFor="5"
  >
    Great
  </styled.label>
  <styled.button
    className=""
  >
    Submit Rating
  </styled.button>
</styled.form>
`;
